begin
select '001';
select '002';
select '003';
commit
rollback
