begin
select '001';
select '002';
commit
rollback
